review_flight_plan_end_button : end_flight
phone_verification_header : airmap_phone_number_disclaimer
review_flight_plan_notice_header_notice_accepted : airmap_digital_notice_accepted
phone_verification_title : phone_number_verification
review_flight_plan_submit_button : submit
required_permits_title : permits
select_aircraft_title : select_aircraft
ADVISORY_ACCEPTS_DIGITAL_NOTICE : accepts_digital_notice
ADVISORY_PHONE_NOT_PROVIDED : no_known_number
ADVISORY_TFR_ENDS_FORMAT : advisory_tfr_ends_format
ADVISORY_TFR_PERMANENT : advisory_tfr_permanent
ADVISORY_TFR_STARTS_FORMAT : airmap_starts
ADVISORY_WILDFIRE_SIZE_FORMAT_ACRES : advisory_wildfire_size_format_acres
ADVISORY_WILDFIRE_SIZE_FORMAT_HECTARES : advisory_wildfire_size_format_hectares
ADVISORY_WILDFIRE_SIZE_UNKNOWN : unknown_size
AIRCRAFT_SELECT_AIRCRAFT : aircraft_select_aircraft
AIRCRAFT_TITLE_CREATE_NEW : airmap_title_activity_create_aircraft
AIRCRAFT_TITLE_UPDATE_EXISTING : airmap_edit_aircraft
AUTH_ERROR_ACCOUNT_BLACKLISTED : invalid_email_domain
AUTH_ERROR_EMAIL_NEEDS_VERIFICATION_REQUIRED : verify_email_log_in_again
AUTH_ERROR_UNAUTHORIZED : auth_error_unauthorized
AUTH_FAILED_LOGIN_TITLE : auth_failed_login_title
AVAILABLE_PERMITS_SECTION_HEADER_AVAILABLE : available_permits
AVAILABLE_PERMITS_SECTION_HEADER_EXISTING : existing_permits
AVAILABLE_PERMITS_SECTION_HEADER_UNAVAILABLE : unavailable_permits
AVAILABLE_PERMITS_TABLE_HEADER : select_a_permit_description
AVAILABLE_PERMITS_TABLE_HEADER_CONFLICTING_REQUIREMENTS : no_available_permits_for_flight
AVAILABLE_PERMIT_ROW_TITLE_SINGLE_USE : single_use
AVAILABLE_PERMIT_ROW_TITLE_VALIDITY : available_permit_row_title_validity
AVAILABLE_PERMIT_SECTION_HEADER_CUSTOM_PROPERTIES : available_permit_section_header_custom_properties
AVAILABLE_PERMIT_SECTION_HEADER_DESCRIPTION : description
AVAILABLE_PERMIT_SECTION_HEADER_DETAILS : permit_details
create_aircraft_nickname : airmap_nickname
flight_plan_row_title_start_time : starts
FLIGHT_DATA_CELL_NOW : now
FLIGHT_DRAWING_RADIUS : airmap_buffer
FLIGHT_DRAWING_TOOLTIP_CTA_DRAG_TO_MODIFY_GEOMETRY : airmap_done_drawing_tip
FLIGHT_DRAWING_TOOLTIP_CTA_DRAG_TO_TRASH_TO_DELETE : airmap_delete_tip
FLIGHT_DRAWING_TOOLTIP_CTA_DRAW_FREEHAND_AREA : airmap_draw_freehand_area
FLIGHT_DRAWING_TOOLTIP_CTA_DRAW_FREEHAND_PATH : airmap_draw_freehand_path
FLIGHT_DRAWING_TOOLTIP_CTA_TAP_ICON_TO_DRAW_AREA : airmap_freehand_tip_area
FLIGHT_DRAWING_TOOLTIP_CTA_TAP_ICON_TO_DRAW_PATH : airmap_freehand_tip_path
FLIGHT_DRAWING_TOOLTIP_ERROR_OVERLAPPING_PERMIT_AREAS : airmap_flight_area_overlap_permit_conflict
FLIGHT_DRAWING_TOOLTIP_ERROR_SELF_INTERSECTING_GEOMETRY : airmap_error_overlap
FLIGHT_DRAWING_WIDTH : airmap_width
FLIGHT_PLAN_BUTTON_TITLE_NEXT : airmap_next
FLIGHT_PLAN_BUTTON_TITLE_SAVE : airmap_save
FLIGHT_PLAN_ROW_TITLE_ALTITUDE : airmap_max_altitude
FLIGHT_PLAN_ROW_TITLE_DURATION : airmap_duration
FLIGHT_PLAN_ROW_TITLE_PILOT : select_pilot_profile
FLIGHT_PLAN_SECTION_HEADER_ASSOCIATED : pilot_and_aircraft_header
FLIGHT_PLAN_SECTION_HEADER_FLIGHT : flight_details
FLIGHT_PLAN_SECTION_HEADER_SHARE : airmap_share_my_flight
FLIGHT_PLAN_SECTION_HEADER_TIME : date_and_time
flight_drawing_mode_point : airmap_circle
required_permits_table_header : requires_permits_from_authorities
review_flight_plan_details_title : airmap_title_activity_create_flight
flight_drawing_mode_path : airmap_path
permit_details_done_button : done
review_flight_plan_notice_header_notice_not_accepted : airmap_not_accept_notice
available_permits_title : select_a_permit
PILOT_PROFILE_LABEL_EMAIL : email
PILOT_PROFILE_LABEL_FIRST_NAME : first_name
PILOT_PROFILE_LABEL_LAST_NAME : last_name
PILOT_PROFILE_SECTION_PERSONAL : airmap_personal_information
q0o-oq-I1W.title : airmap_title_activity_profile
REQUIRED_PERMITS_SELECT_DIFFERENT_PERMIT : airmap_select_different_permit
REQUIRED_PERMITS_SELECT_PERMIT : airmap_select_a_permit
REVIEW_FLIGHT_PLAN_DETAILS_ROW_TITLE_AIRCRAFT : airmap_aircraft_stats
permit_details_select_permit_button : airmap_select_permit
STATUS_GREEN_DESCRIPTION : informational
STATUS_RED_DESCRIPTION : flight_strictly_regulated
STATUS_YELLOW_DESCRIPTION : advisories
review_flight_plan_notice_title : airmap_flight_notice
review_flight_plan_notice_review_buton : airmap_review
vme-QM-SG8.placeholder : phone_number
faqs_title : faqs
advisories_title : airmap_airspace_advisories
flight_drawing_mode_area : airmap_polygon
create_aircraft_title : create_aircraft

RULES_SECTION_CONFLICTING_TITLE : conflicting_rules
RULES_SECTION_NEEDING_MORE_INFO_TITLE : missing_info_rules
RULES_SECTION_INFORMATIONAL_TITLE : informational_rules
RULES_SECTION_NOT_CONFLICTING_TITLE : not_conflicting_rules
HEADER_SECTION_RULES_AND_COMPLIANCE_TITLE : rules_and_flight_features_header


com.auth0.lock.database.button.forgot_password : com_auth0_lock_action_forgot_password
com.auth0.lock.database.mode.switcher.login : com_auth0_lock_mode_log_in
com.auth0.lock.database.mode.switcher.signup : com_auth0_lock_mode_sign_up
com.auth0.lock.strategy.login.title : com_auth0_lock_social_log_in
com.auth0.lock.strategy.signup.title : com_auth0_lock_social_sign_up
com.auth0.lock.database.separator : com_auth0_lock_forms_separator
com.auth0.lock.input.email.error : com_auth0_lock_input_error_email
com.auth0.lock.input.email.placeholder : com_auth0_lock_hint_email
com.auth0.lock.input.password.placeholder : com_auth0_lock_hint_password
com.auth0.lock.database.button.tos : com_auth0_lock_sign_up_terms
com.auth0.lock.database.forgot.success.message : com_auth0_lock_db_change_password_message_success
com.auth0.lock.database.login.success.message : com_auth0_lock_database_login_success_message
com.auth0.lock.forgot.message : com_auth0_lock_forgot_message
com.auth0.lock.forgot.title : com_auth0_lock_title_change_password
com.auth0.lock.submit.send_email.title : com_auth0_lock_action_send_email
com.auth0.lock.submit.login.title : com_auth0_lock_action_log_in
com.auth0.lock.submit.signup.title : com_auth0_lock_action_sign_up
com.auth0.lock.error.fallback : com_auth0_lock_unrecoverable_error_title
com.auth0.lock.error.forgot.fallback : com_auth0_lock_db_message_change_password_error
com.auth0.lock.error.password.lowercase_letters : com_auth0_lock_password_strength_lowercase_letters
com.auth0.lock.error.password.no_more_identical : com_auth0_lock_password_strength_identical_chars
com.auth0.lock.error.password.numbers : com_auth0_lock_password_strength_numbers
com.auth0.lock.error.password.should_contain : com_auth0_lock_password_strength_title_must_have
com.auth0.lock.error.password.special_characters : com_auth0_lock_password_strength_special_chars
com.auth0.lock.error.password.uppercase_letters : com_auth0_lock_password_strength_uppercase_letters
com.auth0.lock.error.signup.fallback : com_auth0_lock_db_sign_up_error_message
com.auth0.lock.error.signup.password_history : com_auth0_lock_db_signup_password_already_used_error_message
com.auth0.lock.error.signup.password_strength_error : com_auth0_lock_db_signup_password_not_strong_error_message
com.auth0.lock.error.signup.user_exists : com_auth0_lock_db_signup_user_already_exists_error_message
com.auth0.lock.error.signup.invalid_password : com_auth0_lock_input_error_password
com.auth0.lock.error.password.at_least_length : com_auth0_lock_password_strength_chars_length
com.auth0.lock.error.authentication.invalid_user_password : com_auth0_lock_db_login_error_invalid_credentials_message

2eq-fz-boo.normaltitle : end_flight_title
4yz-kg-zkz.normaltitle : submit_title
7qo-vn-m2p.title : review_flight_plan
































